== overview ==
\e[1m auto_setup 상태 리포트\e[0m                   갱신 23:13:20  \e[32m● 데몬 실행 (pid 4242)\e[0m
 \e[1m전체 3\e[0m  \e[32m완료 1\e[0m  \e[36m진행 1\e[0m  \e[90m대기 0\e[0m  \e[1;31m정체 1\e[0m  \e[90m실패 0\e[0m
--------------------------------------------------------------------------------
\e[1m job J1  김철수  전달 11-14 21:13  3대  완료 1/3  all=(all).yaml\e[0m
\e[7m> 한글그룹.yml            인피니/rhel8/pxe/y     3대 ####++++!!!!   1h15m   33% \e[0m

 \e[1;36m↑↓ 이동\e[0m  \e[1;36m←→ 작업 전환\e[0m  \e[1;36mEnter 상세\e[0m  \e[1ma 전체 보기\e[0m  \e[1;35mx 단독 체크\e[0m  \e[1;34mw AWX\e[0m  \e[1mr 새로고침\e[0m…
== detail ==
\e[1m job J1 / 한글그룹.yml  (인피니/rhel8/pxe/y)  완료 1/3\e[0m
 \e[36m설치중 1\e[0m  \e[32m완료 1\e[0m  \e[1;31m정체 1\e[0m  
--------------------------------------------------------------------------------
\e[1m  호스트                        단계         경과  비고                         \e[0m
  서버-가나다-01                \e[32m완료    \e[0m        -  code 4821                    
\e[7m> 서버-가나다-02                설치중     11m40s  anaconda, 설치 11m40s, 비고 …\e[0m
  server-abcdefghijklmnopqrst…  \e[1;31m정체    \e[0m    1h15m  READY 안 됨, 설치 1h15m      
--------------------------------------------------------------------------------

\e[1;32m [c] 설정체크 + \e[0m\e[1;31m설정수정\e[0m\e[1;32m   [t] 설정체크만(수정 안 함)   [g] 재확인   [v] 최근 …\e[0m

 \e[1;36m↑↓ 이동\e[0m  \e[1;36m← 목록\e[0m  \e[1mf 정체·실패만\e[0m  \e[1;31mc 체크+수정\e[0m  \e[1;32mt 체크만\e[0m  \e[1;33mg 재확인\e[0m  \e[1mv 결과\e[0m  \e[1ma 전…\e[0m
== detail filter ==
\e[1m job J1 / 한글그룹.yml  (인피니/rhel8/pxe/y)  완료 1/3\e[0m
 \e[36m설치중 1\e[0m  \e[32m완료 1\e[0m  \e[1;31m정체 1\e[0m  \e[33m[필터: 정체·실패만]\e[0m
--------------------------------------------------------------------------------
\e[1m  호스트                        단계         경과  비고                         \e[0m
  server-abcdefghijklmnopqrst…  \e[1;31m정체    \e[0m    1h15m  READY 안 됨, 설치 1h15m      
--------------------------------------------------------------------------------

\e[1;32m [c] 설정체크 + \e[0m\e[1;31m설정수정\e[0m\e[1;32m   [t] 설정체크만(수정 안 함)   [g] 재확인   [v] 최근 …\e[0m

 \e[1;36m↑↓ 이동\e[0m  \e[1;36m← 목록\e[0m  \e[1mf 정체·실패만\e[0m  \e[1;31mc 체크+수정\e[0m  \e[1;32mt 체크만\e[0m  \e[1;33mg 재확인\e[0m  \e[1mv 결과\e[0m  \e[1ma 전…\e[0m
