== overview ==
\e[1m auto_setup 상태 리포트\e[0m                                                           갱신 23:13:20  \e[32m● 데몬 실행 (pid 4242)\e[0m
 \e[1m전체 9\e[0m  \e[32m완료 2\e[0m  \e[36m진행 6\e[0m  \e[90m대기 1\e[0m  \e[90m정체 0\e[0m  \e[90m실패 0\e[0m
------------------------------------------------------------------------------------------------------------------------
\e[1m job J1  user1  전달 11-14 21:13  9대  완료 2/9  all=(all).yaml\e[0m
\e[7m> web.yml                                   ib/rhel8/pxe/y                       6대 #######++++++++++...  25m00s   33% \e[0m
  gpu.yml                                   \e[90meth/rhel7/pxe/n                   \e[0m   3대 \e[36m++++++++++++++++++++\e[0m   2m00s \e[36m   0%\e[0m

\e[1m ↑↓ 이동  ←→ 작업 전환  Enter 상세  a 전체 보기  x 단독 체크  w AWX  r 새로고침  ? 도움말  q 종료\e[0m
== detail ==
\e[1m job J1 / web.yml  (ib/rhel8/pxe/y)  완료 2/6\e[0m
 \e[90m대기 1\e[0m  \e[36m배포중 1\e[0m  \e[36m설치중 1\e[0m  \e[36m부팅확인 1\e[0m  \e[32m완료 2\e[0m  
------------------------------------------------------------------------------------------------------------------------
\e[1m  호스트    단계         경과  비고                                                                                     \e[0m
  web001    \e[32m완료    \e[0m        -                                                                                           
\e[7m> web002    완료            -                                                                                           \e[0m
  web003    \e[36m설치중  \e[0m   25m00s  anaconda, 설치 25m00s                                                                    
  web004    \e[36m부팅확인\e[0m    4m00s  READY 대기, 설치 4m00s                                                                   
  web005    \e[36m배포중  \e[0m   10m00s  설치 10m00s                                                                              
  web006    \e[90m대기    \e[0m        -                                                                                           
------------------------------------------------------------------------------------------------------------------------

\e[1;32m [c] 설정체크 + \e[0m\e[1;31m설정수정\e[0m\e[1;32m   [t] 설정체크만(수정 안 함)   [g] 재확인   [v] 최근 결과 - 완료 여부와 상관없이 그룹 전체 시도\e[0m

\e[1m ↑↓ 이동  ← 목록  f 정체·실패만  c 체크+수정  t 체크만  g 재확인  v 결과  a 전체 그룹  x 단독 체크  w AWX  r 새로고침  …\e[0m
== detail filter ==
\e[1m job J1 / web.yml  (ib/rhel8/pxe/y)  완료 2/6\e[0m
 \e[90m대기 1\e[0m  \e[36m배포중 1\e[0m  \e[36m설치중 1\e[0m  \e[36m부팅확인 1\e[0m  \e[32m완료 2\e[0m  \e[33m[필터: 정체·실패만]\e[0m
------------------------------------------------------------------------------------------------------------------------
 (정체·실패 호스트 없음)
------------------------------------------------------------------------------------------------------------------------

\e[1;32m [c] 설정체크 + \e[0m\e[1;31m설정수정\e[0m\e[1;32m   [t] 설정체크만(수정 안 함)   [g] 재확인   [v] 최근 결과 - 완료 여부와 상관없이 그룹 전체 시도\e[0m

\e[1m ↑↓ 이동  ← 목록  f 정체·실패만  c 체크+수정  t 체크만  g 재확인  v 결과  a 전체 그룹  x 단독 체크  w AWX  r 새로고침  …\e[0m
