== overview ==
 auto_setup 상태 리포트                   갱신 23:13:20  ● 데몬 실행 (pid 4242)
 전체 3  완료 3  진행 0  대기 0  정체 0  실패 0
--------------------------------------------------------------------------------
 job J1  user1  전달 11-14 21:13  3대  완료 3/3  all=(all).yaml
> web.yml                 ib/rhel8/pxe/y         2대 ############       -  100%
  gpu.yml                 eth/rhel7/pxe/n        1대 ############       -  100%
 job J0  user2  전달 11-14 21:13  1대  완료 1/1 [종료]  all=(all).yaml
  old.yml                 ib/rhel8/pxe/y         1대 ############       -  100%

 ↑↓ 이동  ←→ 작업 전환  Enter 상세  r 새로고침  ? 도움말  q 종료
== detail ==
 job J1 / web.yml  (ib/rhel8/pxe/y)  완료 2/2
 완료 2  
--------------------------------------------------------------------------------
  호스트    단계         경과  비고                                             
  web001    완료            -  code 4821                                        
> web002    완료            -  타경로 완료기록                                  
--------------------------------------------------------------------------------
 최근 수동 run: code 5012 (23:11:20) → auto_setup code 5012
 [c] OS 체크 수동 실행(이중체크)

 ↑↓ 이동  ← 목록  f 정체·실패만  c 수동 실행  r 새로고침  ? 도움말  q 복귀
== detail filter ==
 job J1 / web.yml  (ib/rhel8/pxe/y)  완료 2/2
 완료 2  [필터: 정체·실패만]
--------------------------------------------------------------------------------
 (정체·실패 호스트 없음)
--------------------------------------------------------------------------------
 최근 수동 run: code 5012 (23:11:20) → auto_setup code 5012
 [c] OS 체크 수동 실행(이중체크)

 ↑↓ 이동  ← 목록  f 정체·실패만  c 수동 실행  r 새로고침  ? 도움말  q 복귀
