== overview ==
\e[1m auto_setup 상태 리포트\e[0m                   갱신 23:13:20  \e[32m● 데몬 실행 (pid 4242)\e[0m
 \e[1m전체 4\e[0m  \e[32m완료 1\e[0m  \e[36m진행 1\e[0m  \e[90m대기 0\e[0m  \e[1;31m정체 1\e[0m  \e[1;31m실패 1\e[0m
--------------------------------------------------------------------------------
\e[1m job J1  user1  전달 11-14 21:13  4대  완료 1/4  all=(all).yaml\e[0m
\e[7m> web.yml                 ib/rhel8/pxe/y         4대 ###+++!!!!!!   1h06m   25% \e[0m

\e[1m ↑↓ 이동  ←→ 작업 전환  Enter 상세  a 전체 보기  r 새로고침  ? 도움말  q 종료\e[0m
== detail ==
\e[1m job J1 / web.yml  (ib/rhel8/pxe/y)  완료 1/4\e[0m
 \e[36m설치중 1\e[0m  \e[32m완료 1\e[0m  \e[1;31m정체 1\e[0m  \e[1;31m실패 1\e[0m  
--------------------------------------------------------------------------------
\e[1m  호스트    단계         경과  비고                                             \e[0m
  web001    \e[32m완료    \e[0m        -  code 4821                                        
\e[7m> web002    정체        1h06m  READY 안 됨, 설치 1h06m, 이름 미해결             \e[0m
  web003    \e[1;31m실패    \e[0m    5m00s  \e[33mLDAP 적용실패, 실패 3회                          \e[0m
  web004    \e[36m설치중  \e[0m   15m00s  anaconda, 설치 15m00s                            
--------------------------------------------------------------------------------

\e[1;32m [c] 설정체크 + \e[0m\e[1;31m설정수정\e[0m\e[1;32m   [t] 설정체크만(수정 안 함)   [g] 재확인   [v] 최근 …\e[0m

\e[1m ↑↓ 이동  ← 목록  f 정체·실패만  c 체크+수정  t 체크만  g 재확인  v 결과  a 전…\e[0m
== detail filter ==
\e[1m job J1 / web.yml  (ib/rhel8/pxe/y)  완료 1/4\e[0m
 \e[36m설치중 1\e[0m  \e[32m완료 1\e[0m  \e[1;31m정체 1\e[0m  \e[1;31m실패 1\e[0m  \e[33m[필터: 정체·실패만]\e[0m
--------------------------------------------------------------------------------
\e[1m  호스트    단계         경과  비고                                             \e[0m
  web002    \e[1;31m정체    \e[0m    1h06m  \e[33mREADY 안 됨, 설치 1h06m, 이름 미해결             \e[0m
\e[7m> web003    실패        5m00s  LDAP 적용실패, 실패 3회                          \e[0m
--------------------------------------------------------------------------------

\e[1;32m [c] 설정체크 + \e[0m\e[1;31m설정수정\e[0m\e[1;32m   [t] 설정체크만(수정 안 함)   [g] 재확인   [v] 최근 …\e[0m

\e[1m ↑↓ 이동  ← 목록  f 정체·실패만  c 체크+수정  t 체크만  g 재확인  v 결과  a 전…\e[0m
