== overview ==
\e[1m auto_setup 상태 리포트\e[0m                   갱신 23:13:20  \e[32m● 데몬 실행 (pid 4242)\e[0m
 \e[1m전체 3\e[0m  \e[32m완료 3\e[0m  \e[36m진행 0\e[0m  \e[90m대기 0\e[0m  \e[90m정체 0\e[0m  \e[90m실패 0\e[0m
--------------------------------------------------------------------------------
\e[1m job J1  user1  전달 11-14 21:13  3대  완료 3/3  all=(all).yaml\e[0m
\e[7m> web.yml                 ib/rhel8/pxe/y         2대 ############       -  100% \e[0m
  gpu.yml                 \e[90meth/rhel7/pxe/n     \e[0m   1대 \e[32m############\e[0m       - \e[32m 100%\e[0m
\e[90m job J0  user2  전달 11-14 21:13  1대  완료 1/1 [종료]  all=(all).yaml\e[0m
  old.yml                 \e[90mib/rhel8/pxe/y      \e[0m   1대 \e[32m############\e[0m       - \e[32m 100%\e[0m

 \e[1;36m↑↓ 이동\e[0m  \e[1;36m←→ 작업 전환\e[0m  \e[1;36mEnter 상세\e[0m  \e[1ma 전체 보기\e[0m  \e[1mr 새로고침\e[0m  \e[1m? 도움말\e[0m  \e[1mq 종료\e[0m
 \e[1;35mx 단독 체크\e[0m  \e[1;34mw AWX\e[0m
== detail ==
\e[1m job J1 / web.yml  (ib/rhel8/pxe/y)  완료 2/2\e[0m
 \e[32m완료 2\e[0m  
--------------------------------------------------------------------------------
\e[1m  호스트    단계         경과  비고                                             \e[0m
  web001    \e[32m완료    \e[0m        -  code 4821                                        
\e[7m> web002    완료            -  타경로 완료기록                                  \e[0m
--------------------------------------------------------------------------------
\e[32m 최근 수동 run: code 5012 (23:11:20) → auto_setup code 5012\e[0m
\e[1;32m [c] 설정체크 + \e[0m\e[1;31m설정수정\e[0m\e[1;32m   [t] 설정체크만(수정 안 함)   [g] 재확인   [v] 최근 …\e[0m

 \e[1;36m↑↓ 이동\e[0m  \e[1;36m← 목록\e[0m  \e[1mf 정체·실패만\e[0m  \e[1ma 전체 그룹\e[0m  \e[1mr 새로고침\e[0m  \e[1m? 도움말\e[0m  \e[1mq 복귀\e[0m
 \e[1;31mc 체크+수정\e[0m  \e[1;32mt 체크만\e[0m  \e[1;33mg 재확인\e[0m  \e[1mv 결과\e[0m  \e[1;35mx 단독 체크\e[0m  \e[1;34mw AWX\e[0m
== detail filter ==
\e[1m job J1 / web.yml  (ib/rhel8/pxe/y)  완료 2/2\e[0m
 \e[32m완료 2\e[0m  \e[33m[필터: 정체·실패만]\e[0m
--------------------------------------------------------------------------------
 (정체·실패 호스트 없음)
--------------------------------------------------------------------------------
\e[32m 최근 수동 run: code 5012 (23:11:20) → auto_setup code 5012\e[0m
\e[1;32m [c] 설정체크 + \e[0m\e[1;31m설정수정\e[0m\e[1;32m   [t] 설정체크만(수정 안 함)   [g] 재확인   [v] 최근 …\e[0m

 \e[1;36m↑↓ 이동\e[0m  \e[1;36m← 목록\e[0m  \e[1mf 정체·실패만\e[0m  \e[1ma 전체 그룹\e[0m  \e[1mr 새로고침\e[0m  \e[1m? 도움말\e[0m  \e[1mq 복귀\e[0m
 \e[1;31mc 체크+수정\e[0m  \e[1;32mt 체크만\e[0m  \e[1;33mg 재확인\e[0m  \e[1mv 결과\e[0m  \e[1;35mx 단독 체크\e[0m  \e[1;34mw AWX\e[0m
