== overview ==
 auto_setup 상태 리포트                                                           갱신 23:13:20  ● 데몬 실행 (pid 4242)
 전체 4  완료 1  진행 1  대기 0  정체 1  실패 1
------------------------------------------------------------------------------------------------------------------------
 job J1  user1  전달 11-14 21:13  4대  완료 1/4  all=(all).yaml
> web.yml                                   ib/rhel8/pxe/y                       4대 #####+++++!!!!!!!!!!   1h06m   25%

 ↑↓ 이동  ←→ 작업 전환  Enter 상세  a 전체 보기  r 새로고침  ? 도움말  q 종료
== detail ==
 job J1 / web.yml  (ib/rhel8/pxe/y)  완료 1/4
 설치중 1  완료 1  정체 1  실패 1  
------------------------------------------------------------------------------------------------------------------------
  호스트    단계         경과  비고                                                                                     
  web001    완료            -  code 4821                                                                                
> web002    정체        1h06m  READY 안 됨, 설치 1h06m, 이름 미해결                                                     
  web003    실패        5m00s  LDAP 적용실패, 실패 3회                                                                  
  web004    설치중     15m00s  anaconda, 설치 15m00s                                                                    
------------------------------------------------------------------------------------------------------------------------

 [c] 설정체크 + 설정수정   [t] 설정체크만(수정 안 함)   [g] 재확인   [v] 최근 결과 - 완료 여부와 상관없이 그룹 전체 시도

 ↑↓ 이동  ← 목록  f 정체·실패만  c 체크+수정  t 체크만  g 재확인  v 결과  a 전체 그룹  r 새로고침  ? 도움말  q 복귀
== detail filter ==
 job J1 / web.yml  (ib/rhel8/pxe/y)  완료 1/4
 설치중 1  완료 1  정체 1  실패 1  [필터: 정체·실패만]
------------------------------------------------------------------------------------------------------------------------
  호스트    단계         경과  비고                                                                                     
  web002    정체        1h06m  READY 안 됨, 설치 1h06m, 이름 미해결                                                     
> web003    실패        5m00s  LDAP 적용실패, 실패 3회                                                                  
------------------------------------------------------------------------------------------------------------------------

 [c] 설정체크 + 설정수정   [t] 설정체크만(수정 안 함)   [g] 재확인   [v] 최근 결과 - 완료 여부와 상관없이 그룹 전체 시도

 ↑↓ 이동  ← 목록  f 정체·실패만  c 체크+수정  t 체크만  g 재확인  v 결과  a 전체 그룹  r 새로고침  ? 도움말  q 복귀
